|j|☆mewannafkher
|j|☆adsafafa
|t:|1776976573
|gametype|singles
|player|p1|mewannafkher|169|1000
|player|p2|adsafafa|102|1000
|gen|9
|tier|[Gen 9] Random Battle
|rated|
|rule|Species Clause: Limit one of each Pokémon
|rule|HP Percentage Mod: HP is shown in percentages
|rule|Sleep Clause Mod: Limit one foe put to sleep
|rule|Illusion Level Mod: Illusion disguises the Pokémon's true level
|
|t:|1776976573
|teamsize|p1|6
|teamsize|p2|6
|start
|switch|p1a: Poliwrath|Poliwrath, L88, F|302/302
|switch|p2a: Hitmonlee|Hitmonlee, L85, M|224/224
|turn|1
|-message|adsafafa forfeited.
|
|win|mewannafkher
|raw|mewannafkher's rating: 1000 &rarr; <strong>1040</strong><br />(+40 for winning)
|raw|adsafafa's rating: 1000 &rarr; <strong>1000</strong><br />(+0 for losing)
|l|☆adsafafa
|player|p2|
